Turbo Assembler	 Version 4.1	    12/11/09 17:09:31	    Page 1
inout.ASM



      1				     masm
      2	0000			     model small
      3	0000			     stack 100h
      4	0000			     .data
      5	0000			     .code
      6	0000  B8 0000s		     main:   mov     ax,@data
      7	0003  8E D8			     mov     ds,ax
      8	0005  B0 B6		     go:     mov     al,0B6h ;10110110
      9	0007  E6 43			     out     43h,al
     10	0009  E4 61			     in	     al,61h
     11	000B  0C 03			     or	     al,3
     12	000D  E6 61			     out     61h,al
     13	000F  B8 0A91		     zagr:   mov     ax,2705
     14	0012  E6 42			     out     42h,al
     15	0014  86 E0			     xchg    ah,al
     16	0016  E6 42			     out     42h,al
     17	0018  B9 FFFF			     mov     cx,0ffffh
     18	001B  8B C1		     q:	     mov     ax,cx
     19	001D  B9 FFFF			     mov     cx,0ffffh
     20	0020  E2 FE		     z:	     loop    z
     21	0022  8B C8			     mov     cx,ax
     22	0024  E2 F5			     loop    q
     23	0026  B8 4C00		     exit:   mov     ax,4c00h
     24	0029  CD 21			     int     21h
     25				     end main
Turbo Assembler	 Version 4.1	    12/11/09 17:09:31	    Page 2
Symbol Table




Symbol Name		Type   Value			   Cref	(defined at #)

??DATE			Text   "12/11/09"
??FILENAME		Text   "inout	"
??TIME			Text   "17:09:31"
??VERSION		Number 040A
@32BIT			Text   0			   #2
@CODE			Text   _TEXT			   #2  #2  #5
@CODESIZE		Text   0			   #2
@CPU			Text   0101H
@CURSEG			Text   _TEXT			   #4  #5
@DATA			Text   DGROUP			   #2  6
@DATASIZE		Text   0			   #2
@FILENAME		Text   INOUT
@INTERFACE		Text   000H			   #2
@MODEL			Text   2			   #2
@STACK			Text   DGROUP			   #2
@WORDSIZE		Text   2			   #4  #5
EXIT			Near   _TEXT:0026		   #23
GO			Near   _TEXT:0005		   #8
MAIN			Near   _TEXT:0000		   #6  25
Q			Near   _TEXT:001B		   #18	22
Z			Near   _TEXT:0020		   #20	20
ZAGR			Near   _TEXT:000F		   #13

Groups & Segments	Bit Size Align	Combine	Class	   Cref	(defined at #)

DGROUP			Group				   #2  2  6
  STACK			16  0100 Para	Stack	STACK	   #3
  _DATA			16  0000 Word	Public	DATA	   #2  #4
_TEXT			16  002B Word	Public	CODE	   #2  2  #5  5
