Turbo Assembler	 Version 4.1	    30/11/09 22:50:33	    Page 1
porth.ASM



      1
      2				     MASM
      3	0000			     MODEL   small
      4	0000			     STACK   256
      5	0000			     .code
      6	0000			     porth proc	near
      7				     PUBLIC  porth
      8	0000  55		     push    bp
      9	0001  8B EC		     mov     bp,sp
     10	0003  8B 56 04		     mov     dx,[bp+4]
     11	0006  8B C2		     mov     ax,dx
     12				     ;in     eax,dx
     13				     ;shr    eax,16
     14	0008  5D		     pop     bp
     15	0009  C2 0003		     ret     3
     16	000C			     porth endp
     17				     end
Turbo Assembler	 Version 4.1	    30/11/09 22:50:33	    Page 2
Symbol Table




Symbol Name		Type   Value			   Cref	(defined at #)

??DATE			Text   "30/11/09"
??FILENAME		Text   "porth	"
??TIME			Text   "22:50:33"
??VERSION		Number 040A
@32BIT			Text   0			   #3
@CODE			Text   _TEXT			   #3  #3  #5
@CODESIZE		Text   0			   #3
@CPU			Text   0101H
@CURSEG			Text   _TEXT			   #5
@DATA			Text   DGROUP			   #3
@DATASIZE		Text   0			   #3
@FILENAME		Text   PORTH
@INTERFACE		Text   000H			   #3
@MODEL			Text   2			   #3
@STACK			Text   DGROUP			   #3
@WORDSIZE		Text   2			   #5
PORTH			Near   _TEXT:0000		   #6  7

Groups & Segments	Bit Size Align	Combine	Class	   Cref	(defined at #)

DGROUP			Group				   #3  3
  STACK			16  0100 Para	Stack	STACK	   #4
  _DATA			16  0000 Word	Public	DATA	   #3
_TEXT			16  000C Word	Public	CODE	   #3  3  #5  5
