Turbo Assembler	 Version 4.1	    14/11/09 18:16:06	    Page 1
vkl.ASM



      1				     MASM
      2	0000			     MODEL   Small
      3	0000			     STACK 256
      4	0000			     .code
      5	0000			     vkl     proc    near
      6				     PUBLIC  vkl
      7	0000  55			     push    bp
      8	0001  8B EC			     mov     bp,sp
      9	0003  B0 B6		     go:     mov     al,0B6h ;10110110
     10	0005  E6 43			     out     43h,al
     11	0007  E4 61			     in	     al,61h
     12	0009  0C 03			     or	     al,3
     13	000B  E6 61			     out     61h,al
     14	000D  8B 46 06		     zagr:   mov     ax,[bp+6]
     15	0010  E6 42			     out     42h,al
     16	0012  86 E0			     xchg    ah,al
     17	0014  E6 42			     out     42h,al
     18	0016  8B 4E 04			     mov     cx, [bp+4]
     19	0019  8B C1		     q:	     mov     ax,cx
     20	001B  B9 FFFF			     mov     cx,0ffffh
     21	001E  E2 FE		     z:	     loop    z
     22	0020  8B C8			     mov     cx,ax
     23	0022  E2 F5			     loop    q
     24	0024  5D			     pop     bp
     25	0025  C2 0005			     ret     5
     26	0028			     vkl     endp
     27				     end
Turbo Assembler	 Version 4.1	    14/11/09 18:16:06	    Page 2
Symbol Table




Symbol Name		Type   Value			   Cref	(defined at #)

??DATE			Text   "14/11/09"
??FILENAME		Text   "vkl	"
??TIME			Text   "18:16:06"
??VERSION		Number 040A
@32BIT			Text   0			   #2
@CODE			Text   _TEXT			   #2  #2  #4
@CODESIZE		Text   0			   #2
@CPU			Text   0101H
@CURSEG			Text   _TEXT			   #4
@DATA			Text   DGROUP			   #2
@DATASIZE		Text   0			   #2
@FILENAME		Text   VKL
@INTERFACE		Text   000H			   #2
@MODEL			Text   2			   #2
@STACK			Text   DGROUP			   #2
@WORDSIZE		Text   2			   #4
GO			Near   _TEXT:0003		   #9
Q			Near   _TEXT:0019		   #19	23
VKL			Near   _TEXT:0000		   #5  6
Z			Near   _TEXT:001E		   #21	21
ZAGR			Near   _TEXT:000D		   #14

Groups & Segments	Bit Size Align	Combine	Class	   Cref	(defined at #)

DGROUP			Group				   #2  2
  STACK			16  0100 Para	Stack	STACK	   #3
  _DATA			16  0000 Word	Public	DATA	   #2
_TEXT			16  0028 Word	Public	CODE	   #2  2  #4  4
